Archive member included to satisfy reference by file (symbol)

../qtouch/lib/gcc\libqtm_touch_key_t3216_0x0002.a(avr_touch_key_g_t3216.o)
                              qtouch/touch.o (qtm_update_qtlib_timer)
../qtouch/lib/gcc\libqtm_acq_runtime_t3216_0x0018.a(avr_acq_g_t3216.o)
                              qtouch/touch.o (qtm_acquisition_process)
c:/program files (x86)/atmel/studio/7.0/toolchain/avr8/avr8-gnu-toolchain/bin/../lib/gcc/avr/5.4.0/avrxmega3\libgcc.a(_exit.o)
                              C:/Program Files (x86)/Atmel/Studio/7.0/Packs/Atmel/ATtiny_DFP/1.4.310/gcc/dev/attiny3216/avrxmega3/crtattiny3216.o (exit)
c:/program files (x86)/atmel/studio/7.0/toolchain/avr8/avr8-gnu-toolchain/bin/../lib/gcc/avr/5.4.0/avrxmega3\libgcc.a(_copy_data.o)
                              qtouch/touch.o (__do_copy_data)
c:/program files (x86)/atmel/studio/7.0/toolchain/avr8/avr8-gnu-toolchain/bin/../lib/gcc/avr/5.4.0/avrxmega3\libgcc.a(_clear_bss.o)
                              examples/src/touch_example.o (__do_clear_bss)
c:/program files (x86)/atmel/studio/7.0/toolchain/avr8/avr8-gnu-toolchain/bin/../lib/gcc/avr/5.4.0/../../../../avr/lib/avrxmega3\libc.a(strncmp.o)
                              examples/src/usart_basic_example.o (strncmp)
c:/program files (x86)/atmel/studio/7.0/toolchain/avr8/avr8-gnu-toolchain/bin/../lib/gcc/avr/5.4.0/../../../../avr/lib/avrxmega3\libc.a(printf.o)
                              examples/src/usart_basic_example.o (printf)
c:/program files (x86)/atmel/studio/7.0/toolchain/avr8/avr8-gnu-toolchain/bin/../lib/gcc/avr/5.4.0/../../../../avr/lib/avrxmega3\libc.a(vfprintf_std.o)
                              c:/program files (x86)/atmel/studio/7.0/toolchain/avr8/avr8-gnu-toolchain/bin/../lib/gcc/avr/5.4.0/../../../../avr/lib/avrxmega3\libc.a(printf.o) (vfprintf)
c:/program files (x86)/atmel/studio/7.0/toolchain/avr8/avr8-gnu-toolchain/bin/../lib/gcc/avr/5.4.0/../../../../avr/lib/avrxmega3\libc.a(strnlen_P.o)
                              c:/program files (x86)/atmel/studio/7.0/toolchain/avr8/avr8-gnu-toolchain/bin/../lib/gcc/avr/5.4.0/../../../../avr/lib/avrxmega3\libc.a(vfprintf_std.o) (strnlen_P)
c:/program files (x86)/atmel/studio/7.0/toolchain/avr8/avr8-gnu-toolchain/bin/../lib/gcc/avr/5.4.0/../../../../avr/lib/avrxmega3\libc.a(strnlen.o)
                              c:/program files (x86)/atmel/studio/7.0/toolchain/avr8/avr8-gnu-toolchain/bin/../lib/gcc/avr/5.4.0/../../../../avr/lib/avrxmega3\libc.a(vfprintf_std.o) (strnlen)
c:/program files (x86)/atmel/studio/7.0/toolchain/avr8/avr8-gnu-toolchain/bin/../lib/gcc/avr/5.4.0/../../../../avr/lib/avrxmega3\libc.a(fputc.o)
                              c:/program files (x86)/atmel/studio/7.0/toolchain/avr8/avr8-gnu-toolchain/bin/../lib/gcc/avr/5.4.0/../../../../avr/lib/avrxmega3\libc.a(vfprintf_std.o) (fputc)
c:/program files (x86)/atmel/studio/7.0/toolchain/avr8/avr8-gnu-toolchain/bin/../lib/gcc/avr/5.4.0/../../../../avr/lib/avrxmega3\libc.a(iob.o)
                              c:/program files (x86)/atmel/studio/7.0/toolchain/avr8/avr8-gnu-toolchain/bin/../lib/gcc/avr/5.4.0/../../../../avr/lib/avrxmega3\libc.a(printf.o) (__iob)
c:/program files (x86)/atmel/studio/7.0/toolchain/avr8/avr8-gnu-toolchain/bin/../lib/gcc/avr/5.4.0/../../../../avr/lib/avrxmega3\libc.a(ultoa_invert.o)
                              c:/program files (x86)/atmel/studio/7.0/toolchain/avr8/avr8-gnu-toolchain/bin/../lib/gcc/avr/5.4.0/../../../../avr/lib/avrxmega3\libc.a(vfprintf_std.o) (__ultoa_invert)
c:/program files (x86)/atmel/studio/7.0/toolchain/avr8/avr8-gnu-toolchain/bin/../lib/gcc/avr/5.4.0/avrxmega3\libgcc.a(_prologue.o)
                              c:/program files (x86)/atmel/studio/7.0/toolchain/avr8/avr8-gnu-toolchain/bin/../lib/gcc/avr/5.4.0/../../../../avr/lib/avrxmega3\libc.a(printf.o) (__prologue_saves__)
c:/program files (x86)/atmel/studio/7.0/toolchain/avr8/avr8-gnu-toolchain/bin/../lib/gcc/avr/5.4.0/avrxmega3\libgcc.a(_epilogue.o)
                              c:/program files (x86)/atmel/studio/7.0/toolchain/avr8/avr8-gnu-toolchain/bin/../lib/gcc/avr/5.4.0/../../../../avr/lib/avrxmega3\libc.a(printf.o) (__epilogue_restores__)

Allocating common symbols
Common symbol       size              file

qtlib_key_grp_data_set1
                    0x6               qtouch/touch.o
qtm_acquisition_control_working_set_ptr
                    0x2               ../qtouch/lib/gcc\libqtm_acq_runtime_t3216_0x0018.a(avr_acq_g_t3216.o)
interrupt_cnt       0x1               qtouch/touch.o
ptc_qtlib_node_stat1
                    0x5               qtouch/touch.o
touch_acq_signals_raw
                    0x2               qtouch/touch.o
qtlib_key_data_set1
                    0x6               qtouch/touch.o
qtm_raw_data_measurements_ptr
                    0x2               ../qtouch/lib/gcc\libqtm_acq_runtime_t3216_0x0018.a(avr_acq_g_t3216.o)
__iob               0x6               c:/program files (x86)/atmel/studio/7.0/toolchain/avr8/avr8-gnu-toolchain/bin/../lib/gcc/avr/5.4.0/../../../../avr/lib/avrxmega3\libc.a(iob.o)

Discarded input sections

 .data          0x00000000        0x0 C:/Program Files (x86)/Atmel/Studio/7.0/Packs/Atmel/ATtiny_DFP/1.4.310/gcc/dev/attiny3216/avrxmega3/crtattiny3216.o
 .bss           0x00000000        0x0 C:/Program Files (x86)/Atmel/Studio/7.0/Packs/Atmel/ATtiny_DFP/1.4.310/gcc/dev/attiny3216/avrxmega3/crtattiny3216.o
 .text          0x00000000        0x0 atmel_start.o
 .data          0x00000000        0x0 atmel_start.o
 .bss           0x00000000        0x0 atmel_start.o
 .text          0x00000000        0x0 driver_isr.o
 .data          0x00000000        0x0 driver_isr.o
 .bss           0x00000000        0x0 driver_isr.o
 .text          0x00000000        0x0 examples/src/touch_example.o
 .data          0x00000000        0x0 examples/src/touch_example.o
 .bss           0x00000000        0x0 examples/src/touch_example.o
 .text          0x00000000        0x0 examples/src/usart_basic_example.o
 .data          0x00000000        0x0 examples/src/usart_basic_example.o
 .bss           0x00000000        0x0 examples/src/usart_basic_example.o
 .rodata.str1.1
                0x00000000        0x9 examples/src/usart_basic_example.o
 .text.USART_test_usart_basic
                0x00000000       0x6e examples/src/usart_basic_example.o
 .bss.rx        0x00000000       0x10 examples/src/usart_basic_example.o
 .debug_info    0x00000000      0x13f examples/src/usart_basic_example.o
 .debug_abbrev  0x00000000       0xcd examples/src/usart_basic_example.o
 .debug_loc     0x00000000       0xbe examples/src/usart_basic_example.o
 .debug_aranges
                0x00000000       0x20 examples/src/usart_basic_example.o
 .debug_ranges  0x00000000       0x10 examples/src/usart_basic_example.o
 .debug_line    0x00000000      0x12c examples/src/usart_basic_example.o
 .debug_str     0x00000000      0x1d7 examples/src/usart_basic_example.o
 .comment       0x00000000       0x31 examples/src/usart_basic_example.o
 .debug_frame   0x00000000       0x4c examples/src/usart_basic_example.o
 .text          0x00000000        0x0 main.o
 .data          0x00000000        0x0 main.o
 .bss           0x00000000        0x0 main.o
 .text          0x00000000        0x0 qtouch/datastreamer/datastreamer_UART_avr.o
 .data          0x00000000        0x0 qtouch/datastreamer/datastreamer_UART_avr.o
 .bss           0x00000000        0x0 qtouch/datastreamer/datastreamer_UART_avr.o
 .debug_info    0x00000000       0x5d qtouch/datastreamer/datastreamer_UART_avr.o
 .debug_abbrev  0x00000000       0x26 qtouch/datastreamer/datastreamer_UART_avr.o
 .debug_aranges
                0x00000000       0x18 qtouch/datastreamer/datastreamer_UART_avr.o
 .debug_line    0x00000000       0x1a qtouch/datastreamer/datastreamer_UART_avr.o
 .debug_str     0x00000000      0x1a2 qtouch/datastreamer/datastreamer_UART_avr.o
 .comment       0x00000000       0x31 qtouch/datastreamer/datastreamer_UART_avr.o
 .text          0x00000000        0x0 qtouch/touch.o
 .data          0x00000000        0x0 qtouch/touch.o
 .bss           0x00000000        0x0 qtouch/touch.o
 .text.get_sensor_node_signal
                0x00000000       0x1a qtouch/touch.o
 .text.update_sensor_node_signal
                0x00000000       0x1a qtouch/touch.o
 .text.get_sensor_node_reference
                0x00000000       0x1a qtouch/touch.o
 .text.update_sensor_node_reference
                0x00000000       0x1a qtouch/touch.o
 .text.get_sensor_cc_val
                0x00000000       0x1a qtouch/touch.o
 .text.update_sensor_cc_val
                0x00000000       0x1a qtouch/touch.o
 .text.update_sensor_state
                0x00000000       0x1e qtouch/touch.o
 .text.calibrate_node
                0x00000000       0x32 qtouch/touch.o
 .text          0x00000000        0x0 src/bod.o
 .data          0x00000000        0x0 src/bod.o
 .bss           0x00000000        0x0 src/bod.o
 .text          0x00000000        0x0 src/clkctrl.o
 .data          0x00000000        0x0 src/clkctrl.o
 .bss           0x00000000        0x0 src/clkctrl.o
 .text          0x00000000        0x0 src/cpuint.o
 .data          0x00000000        0x0 src/cpuint.o
 .bss           0x00000000        0x0 src/cpuint.o
 .text          0x00000000        0x0 src/driver_init.o
 .data          0x00000000        0x0 src/driver_init.o
 .bss           0x00000000        0x0 src/driver_init.o
 .text          0x00000000        0x0 src/protected_io.o
 .data          0x00000000        0x0 src/protected_io.o
 .bss           0x00000000        0x0 src/protected_io.o
 .text          0x00000000        0x0 src/rtc.o
 .data          0x00000000        0x0 src/rtc.o
 .bss           0x00000000        0x0 src/rtc.o
 .text          0x00000000        0x0 src/slpctrl.o
 .data          0x00000000        0x0 src/slpctrl.o
 .bss           0x00000000        0x0 src/slpctrl.o
 .text.SLPCTRL_set_sleep_mode
                0x00000000       0x10 src/slpctrl.o
 .text          0x00000000        0x0 src/usart_basic.o
 .data          0x00000000        0x0 src/usart_basic.o
 .bss           0x00000000        0x0 src/usart_basic.o
 .text.USART_enable
                0x00000000        0xc src/usart_basic.o
 .text.USART_enable_rx
                0x00000000        0xc src/usart_basic.o
 .text.USART_enable_tx
                0x00000000        0xc src/usart_basic.o
 .text.USART_disable
                0x00000000        0xc src/usart_basic.o
 .text.USART_get_data
                0x00000000        0x6 src/usart_basic.o
 .text.USART_is_tx_ready
                0x00000000        0xc src/usart_basic.o
 .text.USART_is_rx_ready
                0x00000000        0xc src/usart_basic.o
 .text.USART_is_tx_busy
                0x00000000       0x10 src/usart_basic.o
 .text.USART_read
                0x00000000       0x10 src/usart_basic.o
 .text.USART_write
                0x00000000       0x10 src/usart_basic.o
 .text          0x00000000        0x0 ../qtouch/lib/gcc\libqtm_touch_key_t3216_0x0002.a(avr_touch_key_g_t3216.o)
 .data          0x00000000        0x0 ../qtouch/lib/gcc\libqtm_touch_key_t3216_0x0002.a(avr_touch_key_g_t3216.o)
 .bss           0x00000000        0x0 ../qtouch/lib/gcc\libqtm_touch_key_t3216_0x0002.a(avr_touch_key_g_t3216.o)
 .text.qtm_key_suspend
                0x00000000       0x4e ../qtouch/lib/gcc\libqtm_touch_key_t3216_0x0002.a(avr_touch_key_g_t3216.o)
 .text.qtm_key_resume
                0x00000000       0x4e ../qtouch/lib/gcc\libqtm_touch_key_t3216_0x0002.a(avr_touch_key_g_t3216.o)
 .text.qtm_get_touch_keys_module_id
                0x00000000        0x6 ../qtouch/lib/gcc\libqtm_touch_key_t3216_0x0002.a(avr_touch_key_g_t3216.o)
 .text.qtm_get_touch_keys_module_ver
                0x00000000        0x4 ../qtouch/lib/gcc\libqtm_touch_key_t3216_0x0002.a(avr_touch_key_g_t3216.o)
 .text          0x00000000        0x0 ../qtouch/lib/gcc\libqtm_acq_runtime_t3216_0x0018.a(avr_acq_g_t3216.o)
 .data          0x00000000        0x0 ../qtouch/lib/gcc\libqtm_acq_runtime_t3216_0x0018.a(avr_acq_g_t3216.o)
 .bss           0x00000000        0x0 ../qtouch/lib/gcc\libqtm_acq_runtime_t3216_0x0018.a(avr_acq_g_t3216.o)
 .text.qtm_autoscan_sensor_node
                0x00000000      0x278 ../qtouch/lib/gcc\libqtm_acq_runtime_t3216_0x0018.a(avr_acq_g_t3216.o)
 .text.qtm_autoscan_node_cancel
                0x00000000       0x22 ../qtouch/lib/gcc\libqtm_acq_runtime_t3216_0x0018.a(avr_acq_g_t3216.o)
 .text.qtm_t161x_ptc_handler_wcomp
                0x00000000       0x8c ../qtouch/lib/gcc\libqtm_acq_runtime_t3216_0x0018.a(avr_acq_g_t3216.o)
 .text.qtm_ptc_de_init
                0x00000000        0xe ../qtouch/lib/gcc\libqtm_acq_runtime_t3216_0x0018.a(avr_acq_g_t3216.o)
 .text.qtm_t161x_acq_module_get_id
                0x00000000        0x6 ../qtouch/lib/gcc\libqtm_acq_runtime_t3216_0x0018.a(avr_acq_g_t3216.o)
 .text.qtm_t161x_acq_module_get_version
                0x00000000        0x4 ../qtouch/lib/gcc\libqtm_acq_runtime_t3216_0x0018.a(avr_acq_g_t3216.o)
 .bss.ptc_wcomp_happened_pointer
                0x00000000        0x2 ../qtouch/lib/gcc\libqtm_acq_runtime_t3216_0x0018.a(avr_acq_g_t3216.o)
 .text          0x00000000        0x0 c:/program files (x86)/atmel/studio/7.0/toolchain/avr8/avr8-gnu-toolchain/bin/../lib/gcc/avr/5.4.0/avrxmega3\libgcc.a(_exit.o)
 .data          0x00000000        0x0 c:/program files (x86)/atmel/studio/7.0/toolchain/avr8/avr8-gnu-toolchain/bin/../lib/gcc/avr/5.4.0/avrxmega3\libgcc.a(_exit.o)
 .bss           0x00000000        0x0 c:/program files (x86)/atmel/studio/7.0/toolchain/avr8/avr8-gnu-toolchain/bin/../lib/gcc/avr/5.4.0/avrxmega3\libgcc.a(_exit.o)
 .text.libgcc.mul
                0x00000000        0x0 c:/program files (x86)/atmel/studio/7.0/toolchain/avr8/avr8-gnu-toolchain/bin/../lib/gcc/avr/5.4.0/avrxmega3\libgcc.a(_exit.o)
 .text.libgcc.div
                0x00000000        0x0 c:/program files (x86)/atmel/studio/7.0/toolchain/avr8/avr8-gnu-toolchain/bin/../lib/gcc/avr/5.4.0/avrxmega3\libgcc.a(_exit.o)
 .text.libgcc   0x00000000        0x0 c:/program files (x86)/atmel/studio/7.0/toolchain/avr8/avr8-gnu-toolchain/bin/../lib/gcc/avr/5.4.0/avrxmega3\libgcc.a(_exit.o)
 .text.libgcc.prologue
                0x00000000        0x0 c:/program files (x86)/atmel/studio/7.0/toolchain/avr8/avr8-gnu-toolchain/bin/../lib/gcc/avr/5.4.0/avrxmega3\libgcc.a(_exit.o)
 .text.libgcc.builtins
                0x00000000        0x0 c:/program files (x86)/atmel/studio/7.0/toolchain/avr8/avr8-gnu-toolchain/bin/../lib/gcc/avr/5.4.0/avrxmega3\libgcc.a(_exit.o)
 .text.libgcc.fmul
                0x00000000        0x0 c:/program files (x86)/atmel/studio/7.0/toolchain/avr8/avr8-gnu-toolchain/bin/../lib/gcc/avr/5.4.0/avrxmega3\libgcc.a(_exit.o)
 .text.libgcc.fixed
                0x00000000        0x0 c:/program files (x86)/atmel/studio/7.0/toolchain/avr8/avr8-gnu-toolchain/bin/../lib/gcc/avr/5.4.0/avrxmega3\libgcc.a(_exit.o)
 .text          0x00000000        0x0 c:/program files (x86)/atmel/studio/7.0/toolchain/avr8/avr8-gnu-toolchain/bin/../lib/gcc/avr/5.4.0/avrxmega3\libgcc.a(_copy_data.o)
 .data          0x00000000        0x0 c:/program files (x86)/atmel/studio/7.0/toolchain/avr8/avr8-gnu-toolchain/bin/../lib/gcc/avr/5.4.0/avrxmega3\libgcc.a(_copy_data.o)
 .bss           0x00000000        0x0 c:/program files (x86)/atmel/studio/7.0/toolchain/avr8/avr8-gnu-toolchain/bin/../lib/gcc/avr/5.4.0/avrxmega3\libgcc.a(_copy_data.o)
 .text.libgcc.mul
                0x00000000        0x0 c:/program files (x86)/atmel/studio/7.0/toolchain/avr8/avr8-gnu-toolchain/bin/../lib/gcc/avr/5.4.0/avrxmega3\libgcc.a(_copy_data.o)
 .text.libgcc.div
                0x00000000        0x0 c:/program files (x86)/atmel/studio/7.0/toolchain/avr8/avr8-gnu-toolchain/bin/../lib/gcc/avr/5.4.0/avrxmega3\libgcc.a(_copy_data.o)
 .text.libgcc   0x00000000        0x0 c:/program files (x86)/atmel/studio/7.0/toolchain/avr8/avr8-gnu-toolchain/bin/../lib/gcc/avr/5.4.0/avrxmega3\libgcc.a(_copy_data.o)
 .text.libgcc.prologue
                0x00000000        0x0 c:/program files (x86)/atmel/studio/7.0/toolchain/avr8/avr8-gnu-toolchain/bin/../lib/gcc/avr/5.4.0/avrxmega3\libgcc.a(_copy_data.o)
 .text.libgcc.builtins
                0x00000000        0x0 c:/program files (x86)/atmel/studio/7.0/toolchain/avr8/avr8-gnu-toolchain/bin/../lib/gcc/avr/5.4.0/avrxmega3\libgcc.a(_copy_data.o)
 .text.libgcc.fmul
                0x00000000        0x0 c:/program files (x86)/atmel/studio/7.0/toolchain/avr8/avr8-gnu-toolchain/bin/../lib/gcc/avr/5.4.0/avrxmega3\libgcc.a(_copy_data.o)
 .text.libgcc.fixed
                0x00000000        0x0 c:/program files (x86)/atmel/studio/7.0/toolchain/avr8/avr8-gnu-toolchain/bin/../lib/gcc/avr/5.4.0/avrxmega3\libgcc.a(_copy_data.o)
 .text          0x00000000        0x0 c:/program files (x86)/atmel/studio/7.0/toolchain/avr8/avr8-gnu-toolchain/bin/../lib/gcc/avr/5.4.0/avrxmega3\libgcc.a(_clear_bss.o)
 .data          0x00000000        0x0 c:/program files (x86)/atmel/studio/7.0/toolchain/avr8/avr8-gnu-toolchain/bin/../lib/gcc/avr/5.4.0/avrxmega3\libgcc.a(_clear_bss.o)
 .bss           0x00000000        0x0 c:/program files (x86)/atmel/studio/7.0/toolchain/avr8/avr8-gnu-toolchain/bin/../lib/gcc/avr/5.4.0/avrxmega3\libgcc.a(_clear_bss.o)
 .text.libgcc.mul
                0x00000000        0x0 c:/program files (x86)/atmel/studio/7.0/toolchain/avr8/avr8-gnu-toolchain/bin/../lib/gcc/avr/5.4.0/avrxmega3\libgcc.a(_clear_bss.o)
 .text.libgcc.div
                0x00000000        0x0 c:/program files (x86)/atmel/studio/7.0/toolchain/avr8/avr8-gnu-toolchain/bin/../lib/gcc/avr/5.4.0/avrxmega3\libgcc.a(_clear_bss.o)
 .text.libgcc   0x00000000        0x0 c:/program files (x86)/atmel/studio/7.0/toolchain/avr8/avr8-gnu-toolchain/bin/../lib/gcc/avr/5.4.0/avrxmega3\libgcc.a(_clear_bss.o)
 .text.libgcc.prologue
                0x00000000        0x0 c:/program files (x86)/atmel/studio/7.0/toolchain/avr8/avr8-gnu-toolchain/bin/../lib/gcc/avr/5.4.0/avrxmega3\libgcc.a(_clear_bss.o)
 .text.libgcc.builtins
                0x00000000        0x0 c:/program files (x86)/atmel/studio/7.0/toolchain/avr8/avr8-gnu-toolchain/bin/../lib/gcc/avr/5.4.0/avrxmega3\libgcc.a(_clear_bss.o)
 .text.libgcc.fmul
                0x00000000        0x0 c:/program files (x86)/atmel/studio/7.0/toolchain/avr8/avr8-gnu-toolchain/bin/../lib/gcc/avr/5.4.0/avrxmega3\libgcc.a(_clear_bss.o)
 .text.libgcc.fixed
                0x00000000        0x0 c:/program files (x86)/atmel/studio/7.0/toolchain/avr8/avr8-gnu-toolchain/bin/../lib/gcc/avr/5.4.0/avrxmega3\libgcc.a(_clear_bss.o)
 .text          0x00000000        0x0 c:/program files (x86)/atmel/studio/7.0/toolchain/avr8/avr8-gnu-toolchain/bin/../lib/gcc/avr/5.4.0/../../../../avr/lib/avrxmega3\libc.a(strncmp.o)
 .data          0x00000000        0x0 c:/program files (x86)/atmel/studio/7.0/toolchain/avr8/avr8-gnu-toolchain/bin/../lib/gcc/avr/5.4.0/../../../../avr/lib/avrxmega3\libc.a(strncmp.o)
 .bss           0x00000000        0x0 c:/program files (x86)/atmel/studio/7.0/toolchain/avr8/avr8-gnu-toolchain/bin/../lib/gcc/avr/5.4.0/../../../../avr/lib/avrxmega3\libc.a(strncmp.o)
 .text.avr-libc
                0x00000000       0x1c c:/program files (x86)/atmel/studio/7.0/toolchain/avr8/avr8-gnu-toolchain/bin/../lib/gcc/avr/5.4.0/../../../../avr/lib/avrxmega3\libc.a(strncmp.o)
 .text          0x00000000        0x0 c:/program files (x86)/atmel/studio/7.0/toolchain/avr8/avr8-gnu-toolchain/bin/../lib/gcc/avr/5.4.0/../../../../avr/lib/avrxmega3\libc.a(printf.o)
 .data          0x00000000        0x0 c:/program files (x86)/atmel/studio/7.0/toolchain/avr8/avr8-gnu-toolchain/bin/../lib/gcc/avr/5.4.0/../../../../avr/lib/avrxmega3\libc.a(printf.o)
 .bss           0x00000000        0x0 c:/program files (x86)/atmel/studio/7.0/toolchain/avr8/avr8-gnu-toolchain/bin/../lib/gcc/avr/5.4.0/../../../../avr/lib/avrxmega3\libc.a(printf.o)
 .text.avr-libc
                0x00000000       0x2c c:/program files (x86)/atmel/studio/7.0/toolchain/avr8/avr8-gnu-toolchain/bin/../lib/gcc/avr/5.4.0/../../../../avr/lib/avrxmega3\libc.a(printf.o)
 .comment       0x00000000       0x31 c:/program files (x86)/atmel/studio/7.0/toolchain/avr8/avr8-gnu-toolchain/bin/../lib/gcc/avr/5.4.0/../../../../avr/lib/avrxmega3\libc.a(printf.o)
 .text          0x00000000        0x0 c:/program files (x86)/atmel/studio/7.0/toolchain/avr8/avr8-gnu-toolchain/bin/../lib/gcc/avr/5.4.0/../../../../avr/lib/avrxmega3\libc.a(vfprintf_std.o)
 .data          0x00000000        0x0 c:/program files (x86)/atmel/studio/7.0/toolchain/avr8/avr8-gnu-toolchain/bin/../lib/gcc/avr/5.4.0/../../../../avr/lib/avrxmega3\libc.a(vfprintf_std.o)
 .bss           0x00000000        0x0 c:/program files (x86)/atmel/studio/7.0/toolchain/avr8/avr8-gnu-toolchain/bin/../lib/gcc/avr/5.4.0/../../../../avr/lib/avrxmega3\libc.a(vfprintf_std.o)
 .text.avr-libc
                0x00000000      0x3c2 c:/program files (x86)/atmel/studio/7.0/toolchain/avr8/avr8-gnu-toolchain/bin/../lib/gcc/avr/5.4.0/../../../../avr/lib/avrxmega3\libc.a(vfprintf_std.o)
 .comment       0x00000000       0x2d c:/program files (x86)/atmel/studio/7.0/toolchain/avr8/avr8-gnu-toolchain/bin/../lib/gcc/avr/5.4.0/../../../../avr/lib/avrxmega3\libc.a(vfprintf_std.o)
 .text          0x00000000        0x0 c:/program files (x86)/atmel/studio/7.0/toolchain/avr8/avr8-gnu-toolchain/bin/../lib/gcc/avr/5.4.0/../../../../avr/lib/avrxmega3\libc.a(strnlen_P.o)
 .data          0x00000000        0x0 c:/program files (x86)/atmel/studio/7.0/toolchain/avr8/avr8-gnu-toolchain/bin/../lib/gcc/avr/5.4.0/../../../../avr/lib/avrxmega3\libc.a(strnlen_P.o)
 .bss           0x00000000        0x0 c:/program files (x86)/atmel/studio/7.0/toolchain/avr8/avr8-gnu-toolchain/bin/../lib/gcc/avr/5.4.0/../../../../avr/lib/avrxmega3\libc.a(strnlen_P.o)
 .text.avr-libc
                0x00000000       0x16 c:/program files (x86)/atmel/studio/7.0/toolchain/avr8/avr8-gnu-toolchain/bin/../lib/gcc/avr/5.4.0/../../../../avr/lib/avrxmega3\libc.a(strnlen_P.o)
 .text          0x00000000        0x0 c:/program files (x86)/atmel/studio/7.0/toolchain/avr8/avr8-gnu-toolchain/bin/../lib/gcc/avr/5.4.0/../../../../avr/lib/avrxmega3\libc.a(strnlen.o)
 .data          0x00000000        0x0 c:/program files (x86)/atmel/studio/7.0/toolchain/avr8/avr8-gnu-toolchain/bin/../lib/gcc/avr/5.4.0/../../../../avr/lib/avrxmega3\libc.a(strnlen.o)
 .bss           0x00000000        0x0 c:/program files (x86)/atmel/studio/7.0/toolchain/avr8/avr8-gnu-toolchain/bin/../lib/gcc/avr/5.4.0/../../../../avr/lib/avrxmega3\libc.a(strnlen.o)
 .text.avr-libc
                0x00000000       0x16 c:/program files (x86)/atmel/studio/7.0/toolchain/avr8/avr8-gnu-toolchain/bin/../lib/gcc/avr/5.4.0/../../../../avr/lib/avrxmega3\libc.a(strnlen.o)
 .text          0x00000000        0x0 c:/program files (x86)/atmel/studio/7.0/toolchain/avr8/avr8-gnu-toolchain/bin/../lib/gcc/avr/5.4.0/../../../../avr/lib/avrxmega3\libc.a(fputc.o)
 .data          0x00000000        0x0 c:/program files (x86)/atmel/studio/7.0/toolchain/avr8/avr8-gnu-toolchain/bin/../lib/gcc/avr/5.4.0/../../../../avr/lib/avrxmega3\libc.a(fputc.o)
 .bss           0x00000000        0x0 c:/program files (x86)/atmel/studio/7.0/toolchain/avr8/avr8-gnu-toolchain/bin/../lib/gcc/avr/5.4.0/../../../../avr/lib/avrxmega3\libc.a(fputc.o)
 .text.avr-libc
                0x00000000       0x78 c:/program files (x86)/atmel/studio/7.0/toolchain/avr8/avr8-gnu-toolchain/bin/../lib/gcc/avr/5.4.0/../../../../avr/lib/avrxmega3\libc.a(fputc.o)
 .comment       0x00000000       0x31 c:/program files (x86)/atmel/studio/7.0/toolchain/avr8/avr8-gnu-toolchain/bin/../lib/gcc/avr/5.4.0/../../../../avr/lib/avrxmega3\libc.a(fputc.o)
 .text          0x00000000        0x0 c:/program files (x86)/atmel/studio/7.0/toolchain/avr8/avr8-gnu-toolchain/bin/../lib/gcc/avr/5.4.0/../../../../avr/lib/avrxmega3\libc.a(iob.o)
 .data          0x00000000        0x0 c:/program files (x86)/atmel/studio/7.0/toolchain/avr8/avr8-gnu-toolchain/bin/../lib/gcc/avr/5.4.0/../../../../avr/lib/avrxmega3\libc.a(iob.o)
 .bss           0x00000000        0x0 c:/program files (x86)/atmel/studio/7.0/toolchain/avr8/avr8-gnu-toolchain/bin/../lib/gcc/avr/5.4.0/../../../../avr/lib/avrxmega3\libc.a(iob.o)
 .comment       0x00000000       0x31 c:/program files (x86)/atmel/studio/7.0/toolchain/avr8/avr8-gnu-toolchain/bin/../lib/gcc/avr/5.4.0/../../../../avr/lib/avrxmega3\libc.a(iob.o)
 COMMON         0x00000000        0x6 c:/program files (x86)/atmel/studio/7.0/toolchain/avr8/avr8-gnu-toolchain/bin/../lib/gcc/avr/5.4.0/../../../../avr/lib/avrxmega3\libc.a(iob.o)
 .text          0x00000000        0x0 c:/program files (x86)/atmel/studio/7.0/toolchain/avr8/avr8-gnu-toolchain/bin/../lib/gcc/avr/5.4.0/../../../../avr/lib/avrxmega3\libc.a(ultoa_invert.o)
 .data          0x00000000        0x0 c:/program files (x86)/atmel/studio/7.0/toolchain/avr8/avr8-gnu-toolchain/bin/../lib/gcc/avr/5.4.0/../../../../avr/lib/avrxmega3\libc.a(ultoa_invert.o)
 .bss           0x00000000        0x0 c:/program files (x86)/atmel/studio/7.0/toolchain/avr8/avr8-gnu-toolchain/bin/../lib/gcc/avr/5.4.0/../../../../avr/lib/avrxmega3\libc.a(ultoa_invert.o)
 .text.avr-libc
                0x00000000       0xbc c:/program files (x86)/atmel/studio/7.0/toolchain/avr8/avr8-gnu-toolchain/bin/../lib/gcc/avr/5.4.0/../../../../avr/lib/avrxmega3\libc.a(ultoa_invert.o)
 .text          0x00000000        0x0 c:/program files (x86)/atmel/studio/7.0/toolchain/avr8/avr8-gnu-toolchain/bin/../lib/gcc/avr/5.4.0/avrxmega3\libgcc.a(_prologue.o)
 .data          0x00000000        0x0 c:/program files (x86)/atmel/studio/7.0/toolchain/avr8/avr8-gnu-toolchain/bin/../lib/gcc/avr/5.4.0/avrxmega3\libgcc.a(_prologue.o)
 .bss           0x00000000        0x0 c:/program files (x86)/atmel/studio/7.0/toolchain/avr8/avr8-gnu-toolchain/bin/../lib/gcc/avr/5.4.0/avrxmega3\libgcc.a(_prologue.o)
 .text.libgcc.mul
                0x00000000        0x0 c:/program files (x86)/atmel/studio/7.0/toolchain/avr8/avr8-gnu-toolchain/bin/../lib/gcc/avr/5.4.0/avrxmega3\libgcc.a(_prologue.o)
 .text.libgcc.div
                0x00000000        0x0 c:/program files (x86)/atmel/studio/7.0/toolchain/avr8/avr8-gnu-toolchain/bin/../lib/gcc/avr/5.4.0/avrxmega3\libgcc.a(_prologue.o)
 .text.libgcc   0x00000000        0x0 c:/program files (x86)/atmel/studio/7.0/toolchain/avr8/avr8-gnu-toolchain/bin/../lib/gcc/avr/5.4.0/avrxmega3\libgcc.a(_prologue.o)
 .text.libgcc.prologue
                0x00000000       0x32 c:/program files (x86)/atmel/studio/7.0/toolchain/avr8/avr8-gnu-toolchain/bin/../lib/gcc/avr/5.4.0/avrxmega3\libgcc.a(_prologue.o)
 .text.libgcc.builtins
                0x00000000        0x0 c:/program files (x86)/atmel/studio/7.0/toolchain/avr8/avr8-gnu-toolchain/bin/../lib/gcc/avr/5.4.0/avrxmega3\libgcc.a(_prologue.o)
 .text.libgcc.fmul
                0x00000000        0x0 c:/program files (x86)/atmel/studio/7.0/toolchain/avr8/avr8-gnu-toolchain/bin/../lib/gcc/avr/5.4.0/avrxmega3\libgcc.a(_prologue.o)
 .text.libgcc.fixed
                0x00000000        0x0 c:/program files (x86)/atmel/studio/7.0/toolchain/avr8/avr8-gnu-toolchain/bin/../lib/gcc/avr/5.4.0/avrxmega3\libgcc.a(_prologue.o)
 .text          0x00000000        0x0 c:/program files (x86)/atmel/studio/7.0/toolchain/avr8/avr8-gnu-toolchain/bin/../lib/gcc/avr/5.4.0/avrxmega3\libgcc.a(_epilogue.o)
 .data          0x00000000        0x0 c:/program files (x86)/atmel/studio/7.0/toolchain/avr8/avr8-gnu-toolchain/bin/../lib/gcc/avr/5.4.0/avrxmega3\libgcc.a(_epilogue.o)
 .bss           0x00000000        0x0 c:/program files (x86)/atmel/studio/7.0/toolchain/avr8/avr8-gnu-toolchain/bin/../lib/gcc/avr/5.4.0/avrxmega3\libgcc.a(_epilogue.o)
 .text.libgcc.mul
                0x00000000        0x0 c:/program files (x86)/atmel/studio/7.0/toolchain/avr8/avr8-gnu-toolchain/bin/../lib/gcc/avr/5.4.0/avrxmega3\libgcc.a(_epilogue.o)
 .text.libgcc.div
                0x00000000        0x0 c:/program files (x86)/atmel/studio/7.0/toolchain/avr8/avr8-gnu-toolchain/bin/../lib/gcc/avr/5.4.0/avrxmega3\libgcc.a(_epilogue.o)
 .text.libgcc   0x00000000        0x0 c:/program files (x86)/atmel/studio/7.0/toolchain/avr8/avr8-gnu-toolchain/bin/../lib/gcc/avr/5.4.0/avrxmega3\libgcc.a(_epilogue.o)
 .text.libgcc.prologue
                0x00000000       0x30 c:/program files (x86)/atmel/studio/7.0/toolchain/avr8/avr8-gnu-toolchain/bin/../lib/gcc/avr/5.4.0/avrxmega3\libgcc.a(_epilogue.o)
 .text.libgcc.builtins
                0x00000000        0x0 c:/program files (x86)/atmel/studio/7.0/toolchain/avr8/avr8-gnu-toolchain/bin/../lib/gcc/avr/5.4.0/avrxmega3\libgcc.a(_epilogue.o)
 .text.libgcc.fmul
                0x00000000        0x0 c:/program files (x86)/atmel/studio/7.0/toolchain/avr8/avr8-gnu-toolchain/bin/../lib/gcc/avr/5.4.0/avrxmega3\libgcc.a(_epilogue.o)
 .text.libgcc.fixed
                0x00000000        0x0 c:/program files (x86)/atmel/studio/7.0/toolchain/avr8/avr8-gnu-toolchain/bin/../lib/gcc/avr/5.4.0/avrxmega3\libgcc.a(_epilogue.o)

Memory Configuration

Name             Origin             Length             Attributes
text             0x00000000         0x00008000         xr
data             0x00803800         0x00000800         rw !x
eeprom           0x00810000         0x00000100         rw !x
fuse             0x00820000         0x0000000a         rw !x
lock             0x00830000         0x00000400         rw !x
signature        0x00840000         0x00000400         rw !x
user_signatures  0x00850000         0x00000400         rw !x
*default*        0x00000000         0xffffffff

Linker script and memory map

Address of section .data set to 0x803800
                0x00008000                __RODATA_PM_OFFSET__ = 0x8000
LOAD C:/Program Files (x86)/Atmel/Studio/7.0/Packs/Atmel/ATtiny_DFP/1.4.310/gcc/dev/attiny3216/avrxmega3/crtattiny3216.o
LOAD atmel_start.o
LOAD driver_isr.o
LOAD examples/src/touch_example.o
LOAD examples/src/usart_basic_example.o
LOAD main.o
LOAD qtouch/datastreamer/datastreamer_UART_avr.o
LOAD qtouch/touch.o
LOAD src/bod.o
LOAD src/clkctrl.o
LOAD src/cpuint.o
LOAD src/driver_init.o
LOAD src/protected_io.o
LOAD src/rtc.o
LOAD src/slpctrl.o
LOAD src/usart_basic.o
START GROUP
LOAD ../qtouch/lib/gcc\libqtm_touch_key_t3216_0x0002.a
LOAD ../qtouch/lib/gcc\libqtm_binding_layer_t3216_0x0005.a
LOAD ../qtouch/lib/gcc\libqtm_acq_runtime_t3216_0x0018.a
LOAD c:/program files (x86)/atmel/studio/7.0/toolchain/avr8/avr8-gnu-toolchain/bin/../lib/gcc/avr/5.4.0/../../../../avr/lib/avrxmega3\libm.a
END GROUP
START GROUP
LOAD c:/program files (x86)/atmel/studio/7.0/toolchain/avr8/avr8-gnu-toolchain/bin/../lib/gcc/avr/5.4.0/avrxmega3\libgcc.a
LOAD c:/program files (x86)/atmel/studio/7.0/toolchain/avr8/avr8-gnu-toolchain/bin/../lib/gcc/avr/5.4.0/../../../../avr/lib/avrxmega3\libm.a
LOAD c:/program files (x86)/atmel/studio/7.0/toolchain/avr8/avr8-gnu-toolchain/bin/../lib/gcc/avr/5.4.0/../../../../avr/lib/avrxmega3\libc.a
LOAD C:/Program Files (x86)/Atmel/Studio/7.0/Packs/Atmel/ATtiny_DFP/1.4.310/gcc/dev/attiny3216/avrxmega3\libattiny3216.a
END GROUP
                [0x00000000]                __TEXT_REGION_ORIGIN__ = DEFINED (__TEXT_REGION_ORIGIN__)?__TEXT_REGION_ORIGIN__:0x0
                [0x00803800]                __DATA_REGION_ORIGIN__ = DEFINED (__DATA_REGION_ORIGIN__)?__DATA_REGION_ORIGIN__:0x802000
                [0x00008000]                __TEXT_REGION_LENGTH__ = DEFINED (__TEXT_REGION_LENGTH__)?__TEXT_REGION_LENGTH__:0x100000
                [0x00000800]                __DATA_REGION_LENGTH__ = DEFINED (__DATA_REGION_LENGTH__)?__DATA_REGION_LENGTH__:0xffa0
                [0x00000100]                __EEPROM_REGION_LENGTH__ = DEFINED (__EEPROM_REGION_LENGTH__)?__EEPROM_REGION_LENGTH__:0x10000
                [0x0000000a]                __FUSE_REGION_LENGTH__ = DEFINED (__FUSE_REGION_LENGTH__)?__FUSE_REGION_LENGTH__:0x400
                0x00000400                __LOCK_REGION_LENGTH__ = DEFINED (__LOCK_REGION_LENGTH__)?__LOCK_REGION_LENGTH__:0x400
                0x00000400                __SIGNATURE_REGION_LENGTH__ = DEFINED (__SIGNATURE_REGION_LENGTH__)?__SIGNATURE_REGION_LENGTH__:0x400
                0x00000400                __USER_SIGNATURE_REGION_LENGTH__ = DEFINED (__USER_SIGNATURE_REGION_LENGTH__)?__USER_SIGNATURE_REGION_LENGTH__:0x400
                0x00008000                __RODATA_PM_OFFSET__ = DEFINED (__RODATA_PM_OFFSET__)?__RODATA_PM_OFFSET__:0x8000

.hash
 *(.hash)

.dynsym
 *(.dynsym)

.dynstr
 *(.dynstr)

.gnu.version
 *(.gnu.version)

.gnu.version_d
 *(.gnu.version_d)

.gnu.version_r
 *(.gnu.version_r)

.rel.init
 *(.rel.init)

.rela.init
 *(.rela.init)

.rel.text
 *(.rel.text)
 *(.rel.text.*)
 *(.rel.gnu.linkonce.t*)

.rela.text
 *(.rela.text)
 *(.rela.text.*)
 *(.rela.gnu.linkonce.t*)

.rel.fini
 *(.rel.fini)

.rela.fini
 *(.rela.fini)

.rel.rodata
 *(.rel.rodata)
 *(.rel.rodata.*)
 *(.rel.gnu.linkonce.r*)

.rela.rodata
 *(.rela.rodata)
 *(.rela.rodata.*)
 *(.rela.gnu.linkonce.r*)

.rel.data
 *(.rel.data)
 *(.rel.data.*)
 *(.rel.gnu.linkonce.d*)

.rela.data
 *(.rela.data)
 *(.rela.data.*)
 *(.rela.gnu.linkonce.d*)

.rel.ctors
 *(.rel.ctors)

.rela.ctors
 *(.rela.ctors)

.rel.dtors
 *(.rel.dtors)

.rela.dtors
 *(.rela.dtors)

.rel.got
 *(.rel.got)

.rela.got
 *(.rela.got)

.rel.bss
 *(.rel.bss)

.rela.bss
 *(.rela.bss)

.rel.plt
 *(.rel.plt)

.rela.plt
 *(.rela.plt)

.text           0x00000000     0x12ec
 *(.vectors)
 .vectors       0x00000000       0x7c C:/Program Files (x86)/Atmel/Studio/7.0/Packs/Atmel/ATtiny_DFP/1.4.310/gcc/dev/attiny3216/avrxmega3/crtattiny3216.o
                0x00000000                __vector_default
                0x00000000                __vectors
 *(.vectors)
 *(.progmem.gcc*)
                0x0000007c                . = ALIGN (0x2)
                0x0000007c                __trampolines_start = .
 *(.trampolines)
 .trampolines   0x0000007c        0x0 linker stubs
 *(.trampolines*)
                0x0000007c                __trampolines_end = .
 *libprintf_flt.a:*(.progmem.data)
 *libc.a:*(.progmem.data)
 *(.progmem*)
                0x0000007c                . = ALIGN (0x2)
 *(.jumptables)
 *(.jumptables*)
 *(.lowtext)
 *(.lowtext*)
                0x0000007c                __ctors_start = .
 *(.ctors)
                0x0000007c                __ctors_end = .
                0x0000007c                __dtors_start = .
 *(.dtors)
                0x0000007c                __dtors_end = .
 SORT(*)(.ctors)
 SORT(*)(.dtors)
 *(.init0)
 .init0         0x0000007c        0x0 C:/Program Files (x86)/Atmel/Studio/7.0/Packs/Atmel/ATtiny_DFP/1.4.310/gcc/dev/attiny3216/avrxmega3/crtattiny3216.o
                0x0000007c                __init
 *(.init0)
 *(.init1)
 *(.init1)
 *(.init2)
 .init2         0x0000007c        0xc C:/Program Files (x86)/Atmel/Studio/7.0/Packs/Atmel/ATtiny_DFP/1.4.310/gcc/dev/attiny3216/avrxmega3/crtattiny3216.o
 *(.init2)
 *(.init3)
 *(.init3)
 *(.init4)
 .init4         0x00000088       0x16 c:/program files (x86)/atmel/studio/7.0/toolchain/avr8/avr8-gnu-toolchain/bin/../lib/gcc/avr/5.4.0/avrxmega3\libgcc.a(_copy_data.o)
                0x00000088                __do_copy_data
 .init4         0x0000009e       0x10 c:/program files (x86)/atmel/studio/7.0/toolchain/avr8/avr8-gnu-toolchain/bin/../lib/gcc/avr/5.4.0/avrxmega3\libgcc.a(_clear_bss.o)
                0x0000009e                __do_clear_bss
 *(.init4)
 *(.init5)
 *(.init5)
 *(.init6)
 *(.init6)
 *(.init7)
 *(.init7)
 *(.init8)
 *(.init8)
 *(.init9)
 .init9         0x000000ae        0x8 C:/Program Files (x86)/Atmel/Studio/7.0/Packs/Atmel/ATtiny_DFP/1.4.310/gcc/dev/attiny3216/avrxmega3/crtattiny3216.o
 *(.init9)
 *(.text)
 .text          0x000000b6        0x4 C:/Program Files (x86)/Atmel/Studio/7.0/Packs/Atmel/ATtiny_DFP/1.4.310/gcc/dev/attiny3216/avrxmega3/crtattiny3216.o
                0x000000b6                __vector_22
                0x000000b6                __vector_28
                0x000000b6                __vector_1
                0x000000b6                __vector_24
                0x000000b6                __vector_12
                0x000000b6                __bad_interrupt
                0x000000b6                __vector_3
                0x000000b6                __vector_23
                0x000000b6                __vector_30
                0x000000b6                __vector_25
                0x000000b6                __vector_11
                0x000000b6                __vector_13
                0x000000b6                __vector_17
                0x000000b6                __vector_19
                0x000000b6                __vector_7
                0x000000b6                __vector_27
                0x000000b6                __vector_5
                0x000000b6                __vector_4
                0x000000b6                __vector_9
                0x000000b6                __vector_2
                0x000000b6                __vector_21
                0x000000b6                __vector_15
                0x000000b6                __vector_29
                0x000000b6                __vector_8
                0x000000b6                __vector_26
                0x000000b6                __vector_14
                0x000000b6                __vector_10
                0x000000b6                __vector_16
                0x000000b6                __vector_18
                0x000000ba                . = ALIGN (0x2)
 *(.text.*)
 .text.atmel_start_init
                0x000000ba        0xa atmel_start.o
                0x000000ba                atmel_start_init
 .text.__vector_6
                0x000000c4       0x4e driver_isr.o
                0x000000c4                __vector_6
 .text.touch_status_display
                0x00000112       0x1a examples/src/touch_example.o
                0x00000112                touch_status_display
 .text.touch_example
                0x0000012c       0x18 examples/src/touch_example.o
                0x0000012c                touch_example
 .text.main     0x00000144        0xa main.o
                0x00000144                main
 .text.qtm_measure_complete_callback
                0x0000014e        0x8 qtouch/touch.o
 .text.Timer_set_period
                0x00000156       0x16 qtouch/touch.o
                0x00000156                Timer_set_period
 .text.touch_init
                0x0000016c       0x50 qtouch/touch.o
                0x0000016c                touch_init
 .text.touch_process
                0x000001bc       0x68 qtouch/touch.o
                0x000001bc                touch_process
 .text.touch_timer_handler
                0x00000224       0x24 qtouch/touch.o
                0x00000224                touch_timer_handler
 .text.get_sensor_state
                0x00000248       0x1e qtouch/touch.o
                0x00000248                get_sensor_state
 .text.__vector_20
                0x00000266       0x48 qtouch/touch.o
                0x00000266                __vector_20
 .text.BOD_init
                0x000002ae        0x4 src/bod.o
                0x000002ae                BOD_init
 .text.CLKCTRL_init
                0x000002b2       0x10 src/clkctrl.o
                0x000002b2                CLKCTRL_init
 .text.CPUINT_init
                0x000002c2        0x6 src/cpuint.o
                0x000002c2                CPUINT_init
 .text.mcu_init
                0x000002c8       0x38 src/driver_init.o
                0x000002c8                mcu_init
 .text.USART_initialization
                0x00000300       0x16 src/driver_init.o
                0x00000300                USART_initialization
 .text.system_init
                0x00000316       0x22 src/driver_init.o
                0x00000316                system_init
 .text.protected_write_io
                0x00000338        0x8 src/protected_io.o
                0x00000338                protected_write_io
 .text.Timer_init
                0x00000340       0x1a src/rtc.o
                0x00000340                Timer_init
 .text.SLPCTRL_init
                0x0000035a        0x4 src/slpctrl.o
                0x0000035a                SLPCTRL_init
 .text.USART_init
                0x0000035e       0x14 src/usart_basic.o
                0x0000035e                USART_init
 .text.check_for_aks_block
                0x00000372       0xd2 ../qtouch/lib/gcc\libqtm_touch_key_t3216_0x0002.a(avr_touch_key_g_t3216.o)
 .text.qtm_update_qtlib_timer
                0x00000444       0x16 ../qtouch/lib/gcc\libqtm_touch_key_t3216_0x0002.a(avr_touch_key_g_t3216.o)
                0x00000444                qtm_update_qtlib_timer
 .text.qtm_init_sensor_key
                0x0000045a       0x3e ../qtouch/lib/gcc\libqtm_touch_key_t3216_0x0002.a(avr_touch_key_g_t3216.o)
                0x0000045a                qtm_init_sensor_key
 .text.qtm_key_sensors_process
                0x00000498      0x74c ../qtouch/lib/gcc\libqtm_touch_key_t3216_0x0002.a(avr_touch_key_g_t3216.o)
                0x00000498                qtm_key_sensors_process
 .text.select_next_channel_to_measure
                0x00000be4       0x66 ../qtouch/lib/gcc\libqtm_acq_runtime_t3216_0x0018.a(avr_acq_g_t3216.o)
 .text.qtm_measure_node
                0x00000c4a      0x11a ../qtouch/lib/gcc\libqtm_acq_runtime_t3216_0x0018.a(avr_acq_g_t3216.o)
 .text.qtm_acquisition_process
                0x00000d64      0x2fc ../qtouch/lib/gcc\libqtm_acq_runtime_t3216_0x0018.a(avr_acq_g_t3216.o)
                0x00000d64                qtm_acquisition_process
 .text.qtm_ptc_init_acquisition_module
                0x00001060       0x8c ../qtouch/lib/gcc\libqtm_acq_runtime_t3216_0x0018.a(avr_acq_g_t3216.o)
                0x00001060                qtm_ptc_init_acquisition_module
 .text.qtm_ptc_qtlib_assign_signal_memory
                0x000010ec       0x14 ../qtouch/lib/gcc\libqtm_acq_runtime_t3216_0x0018.a(avr_acq_g_t3216.o)
                0x000010ec                qtm_ptc_qtlib_assign_signal_memory
 .text.qtm_ptc_start_measurement_seq
                0x00001100       0xd0 ../qtouch/lib/gcc\libqtm_acq_runtime_t3216_0x0018.a(avr_acq_g_t3216.o)
                0x00001100                qtm_ptc_start_measurement_seq
 .text.qtm_enable_sensor_node
                0x000011d0       0x3e ../qtouch/lib/gcc\libqtm_acq_runtime_t3216_0x0018.a(avr_acq_g_t3216.o)
                0x000011d0                qtm_enable_sensor_node
 .text.qtm_calibrate_sensor_node
                0x0000120e       0x82 ../qtouch/lib/gcc\libqtm_acq_runtime_t3216_0x0018.a(avr_acq_g_t3216.o)
                0x0000120e                qtm_calibrate_sensor_node
 .text.qtm_t161x_ptc_handler_eoc
                0x00001290       0x58 ../qtouch/lib/gcc\libqtm_acq_runtime_t3216_0x0018.a(avr_acq_g_t3216.o)
                0x00001290                qtm_t161x_ptc_handler_eoc
                0x000012e8                . = ALIGN (0x2)
 *(.fini9)
 .fini9         0x000012e8        0x0 c:/program files (x86)/atmel/studio/7.0/toolchain/avr8/avr8-gnu-toolchain/bin/../lib/gcc/avr/5.4.0/avrxmega3\libgcc.a(_exit.o)
                0x000012e8                _exit
                0x000012e8                exit
 *(.fini9)
 *(.fini8)
 *(.fini8)
 *(.fini7)
 *(.fini7)
 *(.fini6)
 *(.fini6)
 *(.fini5)
 *(.fini5)
 *(.fini4)
 *(.fini4)
 *(.fini3)
 *(.fini3)
 *(.fini2)
 *(.fini2)
 *(.fini1)
 *(.fini1)
 *(.fini0)
 .fini0         0x000012e8        0x4 c:/program files (x86)/atmel/studio/7.0/toolchain/avr8/avr8-gnu-toolchain/bin/../lib/gcc/avr/5.4.0/avrxmega3\libgcc.a(_exit.o)
 *(.fini0)
                0x000012ec                _etext = .

.rodata         0x000092ec        0x6 load address 0x000012ec
 *(.rodata)
 *(.rodata*)
 .rodata.gain_setting_int_cap
                0x000092ec        0x6 ../qtouch/lib/gcc\libqtm_acq_runtime_t3216_0x0018.a(avr_acq_g_t3216.o)
 *(.gnu.linkonce.r*)

.data           0x00803800       0x2a load address 0x000012f2
                0x00803800                PROVIDE (__data_start, .)
 *(.data)
 *(.data*)
 .data.qtlib_key_set1
                0x00803800        0x8 qtouch/touch.o
                0x00803800                qtlib_key_set1
 .data.qtlib_key_configs_set1
                0x00803808        0x3 qtouch/touch.o
                0x00803808                qtlib_key_configs_set1
 .data.qtlib_key_grp_config_set1
                0x0080380b        0xa qtouch/touch.o
                0x0080380b                qtlib_key_grp_config_set1
 .data.qtlib_acq_set1
                0x00803815        0x6 qtouch/touch.o
                0x00803815                qtlib_acq_set1
 .data.ptc_seq_node_cfg1
                0x0080381b        0x8 qtouch/touch.o
                0x0080381b                ptc_seq_node_cfg1
 .data.ptc_qtlib_acq_gen1
                0x00803823        0x5 qtouch/touch.o
                0x00803823                ptc_qtlib_acq_gen1
 .data.qtm_which_mode_current
                0x00803828        0x1 ../qtouch/lib/gcc\libqtm_acq_runtime_t3216_0x0018.a(avr_acq_g_t3216.o)
                0x00803828                qtm_which_mode_current
 *(.gnu.linkonce.d*)
                0x0080382a                . = ALIGN (0x2)
 *fill*         0x00803829        0x1 
                0x0080382a                _edata = .
                0x0080382a                PROVIDE (__data_end, .)

.bss            0x0080382a       0x24
                0x0080382a                PROVIDE (__bss_start, .)
 *(.bss)
 *(.bss*)
 .bss.key_status
                0x0080382a        0x1 examples/src/touch_example.o
                0x0080382a                key_status
 .bss.module_error_code
                0x0080382b        0x1 qtouch/touch.o
                0x0080382b                module_error_code
 .bss.measurement_done_touch
                0x0080382c        0x1 qtouch/touch.o
                0x0080382c                measurement_done_touch
 .bss.touch_postprocess_request
                0x0080382d        0x1 qtouch/touch.o
                0x0080382d                touch_postprocess_request
 .bss.time_to_measure_touch_flag
                0x0080382e        0x1 qtouch/touch.o
                0x0080382e                time_to_measure_touch_flag
 .bss.qtm_local_ms_timecount
                0x0080382f        0x2 ../qtouch/lib/gcc\libqtm_touch_key_t3216_0x0002.a(avr_touch_key_g_t3216.o)
                0x0080382f                qtm_local_ms_timecount
 .bss.ptc_seq_measure_complete_pointer
                0x00803831        0x2 ../qtouch/lib/gcc\libqtm_acq_runtime_t3216_0x0018.a(avr_acq_g_t3216.o)
 .bss.touch_seq_lib_state
                0x00803833        0x1 ../qtouch/lib/gcc\libqtm_acq_runtime_t3216_0x0018.a(avr_acq_g_t3216.o)
 .bss.current_measure_channel
                0x00803834        0x2 ../qtouch/lib/gcc\libqtm_acq_runtime_t3216_0x0018.a(avr_acq_g_t3216.o)
 *(COMMON)
 COMMON         0x00803836       0x14 qtouch/touch.o
                0x00803836                qtlib_key_grp_data_set1
                0x0080383c                interrupt_cnt
                0x0080383d                ptc_qtlib_node_stat1
                0x00803842                touch_acq_signals_raw
                0x00803844                qtlib_key_data_set1
 COMMON         0x0080384a        0x4 ../qtouch/lib/gcc\libqtm_acq_runtime_t3216_0x0018.a(avr_acq_g_t3216.o)
                0x0080384a                qtm_acquisition_control_working_set_ptr
                0x0080384c                qtm_raw_data_measurements_ptr
                0x0080384e                PROVIDE (__bss_end, .)
                0x000012f2                __data_load_start = LOADADDR (.data)
                0x0000131c                __data_load_end = (__data_load_start + SIZEOF (.data))

.noinit         0x0080384e        0x0
                [!provide]                PROVIDE (__noinit_start, .)
 *(.noinit*)
                [!provide]                PROVIDE (__noinit_end, .)
                0x0080384e                _end = .
                [!provide]                PROVIDE (__heap_start, .)

.eeprom         0x00810000        0x0
 *(.eeprom*)
                0x00810000                __eeprom_end = .

.fuse
 *(.fuse)
 *(.lfuse)
 *(.hfuse)
 *(.efuse)

.lock
 *(.lock*)

.signature
 *(.signature*)

.user_signatures
 *(.user_signatures*)

.stab
 *(.stab)

.stabstr
 *(.stabstr)

.stab.excl
 *(.stab.excl)

.stab.exclstr
 *(.stab.exclstr)

.stab.index
 *(.stab.index)

.stab.indexstr
 *(.stab.indexstr)

.comment        0x00000000       0x60
 *(.comment)
 .comment       0x00000000       0x30 atmel_start.o
                                 0x31 (size before relaxing)
 .comment       0x00000030       0x31 driver_isr.o
 .comment       0x00000030       0x31 examples/src/touch_example.o
 .comment       0x00000030       0x31 main.o
 .comment       0x00000030       0x31 qtouch/touch.o
 .comment       0x00000030       0x31 src/bod.o
 .comment       0x00000030       0x31 src/clkctrl.o
 .comment       0x00000030       0x31 src/cpuint.o
 .comment       0x00000030       0x31 src/driver_init.o
 .comment       0x00000030       0x31 src/rtc.o
 .comment       0x00000030       0x31 src/slpctrl.o
 .comment       0x00000030       0x31 src/usart_basic.o
 .comment       0x00000030       0x30 ../qtouch/lib/gcc\libqtm_touch_key_t3216_0x0002.a(avr_touch_key_g_t3216.o)
                                 0x31 (size before relaxing)
 .comment       0x00000060       0x31 ../qtouch/lib/gcc\libqtm_acq_runtime_t3216_0x0018.a(avr_acq_g_t3216.o)

.note.gnu.avr.deviceinfo
                0x00000000       0x40
 .note.gnu.avr.deviceinfo
                0x00000000       0x40 C:/Program Files (x86)/Atmel/Studio/7.0/Packs/Atmel/ATtiny_DFP/1.4.310/gcc/dev/attiny3216/avrxmega3/crtattiny3216.o

.note.gnu.build-id
 *(.note.gnu.build-id)

.debug
 *(.debug)

.line
 *(.line)

.debug_srcinfo
 *(.debug_srcinfo)

.debug_sfnames
 *(.debug_sfnames)

.debug_aranges  0x00000000      0x280
 *(.debug_aranges)
 .debug_aranges
                0x00000000       0x20 atmel_start.o
 .debug_aranges
                0x00000020       0x20 driver_isr.o
 .debug_aranges
                0x00000040       0x28 examples/src/touch_example.o
 .debug_aranges
                0x00000068       0x20 main.o
 .debug_aranges
                0x00000088       0x90 qtouch/touch.o
 .debug_aranges
                0x00000118       0x20 src/bod.o
 .debug_aranges
                0x00000138       0x20 src/clkctrl.o
 .debug_aranges
                0x00000158       0x20 src/cpuint.o
 .debug_aranges
                0x00000178       0x30 src/driver_init.o
 .debug_aranges
                0x000001a8       0x20 src/protected_io.o
 .debug_aranges
                0x000001c8       0x20 src/rtc.o
 .debug_aranges
                0x000001e8       0x28 src/slpctrl.o
 .debug_aranges
                0x00000210       0x70 src/usart_basic.o

.debug_pubnames
 *(.debug_pubnames)

.debug_info     0x00000000     0x4803
 *(.debug_info .gnu.linkonce.wi.*)
 .debug_info    0x00000000     0x1c4d C:/Program Files (x86)/Atmel/Studio/7.0/Packs/Atmel/ATtiny_DFP/1.4.310/gcc/dev/attiny3216/avrxmega3/crtattiny3216.o
 .debug_info    0x00001c4d       0xb0 atmel_start.o
 .debug_info    0x00001cfd      0x2ff driver_isr.o
 .debug_info    0x00001ffc      0x237 examples/src/touch_example.o
 .debug_info    0x00002233       0xd6 main.o
 .debug_info    0x00002309     0x11d6 qtouch/touch.o
 .debug_info    0x000034df       0x8d src/bod.o
 .debug_info    0x0000356c      0x2b5 src/clkctrl.o
 .debug_info    0x00003821       0x8d src/cpuint.o
 .debug_info    0x000038ae      0x6d3 src/driver_init.o
 .debug_info    0x00003f81       0x8f src/protected_io.o
 .debug_info    0x00004010      0x364 src/rtc.o
 .debug_info    0x00004374      0x14b src/slpctrl.o
 .debug_info    0x000044bf      0x344 src/usart_basic.o

.debug_abbrev   0x00000000     0x27c4
 *(.debug_abbrev)
 .debug_abbrev  0x00000000     0x1ac8 C:/Program Files (x86)/Atmel/Studio/7.0/Packs/Atmel/ATtiny_DFP/1.4.310/gcc/dev/attiny3216/avrxmega3/crtattiny3216.o
 .debug_abbrev  0x00001ac8       0x63 atmel_start.o
 .debug_abbrev  0x00001b2b       0xeb driver_isr.o
 .debug_abbrev  0x00001c16      0x14e examples/src/touch_example.o
 .debug_abbrev  0x00001d64       0x8b main.o
 .debug_abbrev  0x00001def      0x343 qtouch/touch.o
 .debug_abbrev  0x00002132       0x51 src/bod.o
 .debug_abbrev  0x00002183      0x117 src/clkctrl.o
 .debug_abbrev  0x0000229a       0x51 src/cpuint.o
 .debug_abbrev  0x000022eb      0x1c3 src/driver_init.o
 .debug_abbrev  0x000024ae       0x14 src/protected_io.o
 .debug_abbrev  0x000024c2       0xe6 src/rtc.o
 .debug_abbrev  0x000025a8       0xd6 src/slpctrl.o
 .debug_abbrev  0x0000267e      0x146 src/usart_basic.o

.debug_line     0x00000000     0x126a
 *(.debug_line .debug_line.* .debug_line_end)
 .debug_line    0x00000000      0x151 C:/Program Files (x86)/Atmel/Studio/7.0/Packs/Atmel/ATtiny_DFP/1.4.310/gcc/dev/attiny3216/avrxmega3/crtattiny3216.o
 .debug_line    0x00000151       0x8b atmel_start.o
 .debug_line    0x000001dc      0x139 driver_isr.o
 .debug_line    0x00000315      0x1aa examples/src/touch_example.o
 .debug_line    0x000004bf       0x5b main.o
 .debug_line    0x0000051a      0x3a6 qtouch/touch.o
 .debug_line    0x000008c0       0xa2 src/bod.o
 .debug_line    0x00000962      0x137 src/clkctrl.o
 .debug_line    0x00000a99       0xab src/cpuint.o
 .debug_line    0x00000b44      0x254 src/driver_init.o
 .debug_line    0x00000d98       0x55 src/protected_io.o
 .debug_line    0x00000ded      0x121 src/rtc.o
 .debug_line    0x00000f0e      0x11d src/slpctrl.o
 .debug_line    0x0000102b      0x23f src/usart_basic.o

.debug_frame    0x00000000      0x40c
 *(.debug_frame)
 .debug_frame   0x00000000       0x24 atmel_start.o
 .debug_frame   0x00000024       0x6c driver_isr.o
 .debug_frame   0x00000090       0x34 examples/src/touch_example.o
 .debug_frame   0x000000c4       0x24 main.o
 .debug_frame   0x000000e8      0x158 qtouch/touch.o
 .debug_frame   0x00000240       0x24 src/bod.o
 .debug_frame   0x00000264       0x24 src/clkctrl.o
 .debug_frame   0x00000288       0x24 src/cpuint.o
 .debug_frame   0x000002ac       0x44 src/driver_init.o
 .debug_frame   0x000002f0       0x24 src/rtc.o
 .debug_frame   0x00000314       0x34 src/slpctrl.o
 .debug_frame   0x00000348       0xc4 src/usart_basic.o

.debug_str      0x00000000     0x23c2
 *(.debug_str)
 .debug_str     0x00000000      0xc0f C:/Program Files (x86)/Atmel/Studio/7.0/Packs/Atmel/ATtiny_DFP/1.4.310/gcc/dev/attiny3216/avrxmega3/crtattiny3216.o
 .debug_str     0x00000c0f      0x17a atmel_start.o
                                0x1ae (size before relaxing)
 .debug_str     0x00000d89       0xf7 driver_isr.o
                                0x290 (size before relaxing)
 .debug_str     0x00000e80       0xc5 examples/src/touch_example.o
                                0x25b (size before relaxing)
 .debug_str     0x00000f45       0x11 main.o
                                0x1a3 (size before relaxing)
 .debug_str     0x00000f56      0xda7 qtouch/touch.o
                               0x10bd (size before relaxing)
 .debug_str     0x00001cfd       0x16 src/bod.o
                                0x190 (size before relaxing)
 .debug_str     0x00001d13      0x1c2 src/clkctrl.o
                                0x38e (size before relaxing)
 .debug_str     0x00001ed5       0x1c src/cpuint.o
                                0x196 (size before relaxing)
 .debug_str     0x00001ef1      0x105 src/driver_init.o
                                0x3ff (size before relaxing)
 .debug_str     0x00001ff6      0x19d src/rtc.o
                                0x40e (size before relaxing)
 .debug_str     0x00002193       0xb0 src/slpctrl.o
                                0x25c (size before relaxing)
 .debug_str     0x00002243      0x17f src/usart_basic.o
                                0x36a (size before relaxing)

.debug_loc      0x00000000      0x5fd
 *(.debug_loc)
 .debug_loc     0x00000000       0xcb driver_isr.o
 .debug_loc     0x000000cb       0x64 examples/src/touch_example.o
 .debug_loc     0x0000012f      0x348 qtouch/touch.o
 .debug_loc     0x00000477       0x29 src/clkctrl.o
 .debug_loc     0x000004a0      0x13c src/driver_init.o
 .debug_loc     0x000005dc       0x21 src/slpctrl.o

.debug_macinfo
 *(.debug_macinfo)

.debug_weaknames
 *(.debug_weaknames)

.debug_funcnames
 *(.debug_funcnames)

.debug_typenames
 *(.debug_typenames)

.debug_varnames
 *(.debug_varnames)

.debug_pubtypes
 *(.debug_pubtypes)

.debug_ranges   0x00000000      0x1a0
 *(.debug_ranges)
 .debug_ranges  0x00000000       0x10 atmel_start.o
 .debug_ranges  0x00000010       0x10 driver_isr.o
 .debug_ranges  0x00000020       0x18 examples/src/touch_example.o
 .debug_ranges  0x00000038       0x10 main.o
 .debug_ranges  0x00000048       0x80 qtouch/touch.o
 .debug_ranges  0x000000c8       0x10 src/bod.o
 .debug_ranges  0x000000d8       0x10 src/clkctrl.o
 .debug_ranges  0x000000e8       0x10 src/cpuint.o
 .debug_ranges  0x000000f8       0x20 src/driver_init.o
 .debug_ranges  0x00000118       0x10 src/rtc.o
 .debug_ranges  0x00000128       0x18 src/slpctrl.o
 .debug_ranges  0x00000140       0x60 src/usart_basic.o

.debug_macro
 *(.debug_macro)
OUTPUT(atmel_touch_proj.elf elf32-avr)
LOAD linker stubs
